<Users>
    <User ID="Luis@WIGGLEWAGGLES" />
    <User ID="Aaron@AARON-PC" />
    <User ID="User@WIGGLEWAGGLES" />
    <User ID="Marc@MARC-PC" />
    <User ID="Patrik@POMPERIPOSSA" />
    <User ID="Ian@IANSWORKLAPTOP" />
    <User ID="marcus@HADEX" />
    <User ID="Thomas@THOMAS-PC" />
    <User ID="Snafu@SNAFU-PC" />
    <User ID="Peter@PETER-PC" />
    <User ID="Samuel@SAMUEL-PC" />
    <User ID="Samuel@SAMUELS-PC" />
    <User ID="Sam@SAM-LAPTOP" />
    <User ID="Rasmus@FYRKANTEN" />
    <User ID="Patrik@HALSMANDELTOFU" />
    <User ID="jens@JW" />
    <User ID="Linus@LINUS-DATOR" />
    <User ID="jens@JW2" />
    <User ID="Snafu@SNAFU-LAPTOP" />
    <User ID="SNAFU@SNAFU-PC" />
    <User ID="Marcus@MARCUS-PC" />
    <User ID="Laptop@LAPTOP-PC" />
    <User ID="Aaron@AARON_LAPTOP" />
    <User ID="Mackan@MACKANS" />
    <User ID="Samuel@SAMUELSPC" />
    <User ID="mr@LAPTOP" />
    <User ID="MR B@MR_B" />
    <User ID="MrB@BENZIE" />
    <User ID="Ian@IAN-DESKTOP" />
    <User ID="Ian@IANS-WINLAPTOP" />
    <User ID="Rasmus@HEMSKDATOR" />
    <User ID="hall@HALLDATOR" />
    <User ID="hall@HALL-DATOR" />
    <User ID="Patrik@SALTGETING" />
    <User ID="snafu@WINDOWS-2HD6BES" />
    <User ID="aaron@DESKTOP-4VRQ1MR" />
    <User ID="ian@IANSLAPTOP2016" />
    <User ID="Gregor@GREGOR-PC" />
    <User ID="aaron@DESKTOP-NDID25L" />
    <User ID="Max@DESKTOP-3CJRJRO" />
    <User ID="snafu@SNAFU-PC2" />
    <User ID="MrB@BENZIE-PC" />
    <User ID="Max@DESKTOP-MAXL" />
    <User ID="Patrik@DESKTOP-PATRIKD" />
    <User ID="ian@IANS-WORK-DESKT" />
    <User ID="Gregor@DESKTOP-PATRIKD" />
    <User ID="aaron@DESKTOP-JQ9NVD2" />
    <User ID="Gregor@DESKTOP-ONP1JPI" />
    <User ID="Gregor@DESKTOP-P5179OA" />
    <User ID="Max@DESKTOP-DRILFD6" />
    <User ID="Max@MAX-DESKTOP" />
    <User ID="Studio@STUDIODESKTOP" />
    <User ID="aaron@DESKTOP-118S36D" />
    <User ID="Marcus@DESKTOP-VV6VPG8" />
    <User ID="Alex Frictional@KALOPSIACORE" />
    <User ID="Alex@DESKTOP-ALEXC" />
    <User ID="grego@GREGOR-PCOLD" />
    <User ID="ian@SHADOW-4DREVCLL" />
    <User ID="aaron@DESKTOP-RGDM37G" />
    <User ID="Albert@ALBERT-X1E" />
    <User ID="Miguel Nogueira@DESKTOP-O00FLND" />
    <User ID="johne@IOANNIS-LAPTOP" />
    <User ID="aaron@DESKTOP-4L6J1D0" />
    <User ID="beatr@DESKTOP-H25JPPD" />
    <User ID="vikpop@ABP7-VIKTOR" />
    <User ID="aaron@AARONS-LAPTOP" />
    <User ID="aaron@DESKTOP-QQIR8DS" />
    <User ID="Shadow@SHADOW-MCM2CH6M" />
    <User ID="ian@IANS-DESKTOP-PC" />
    <User ID="aaron@DESKTOP-HQ16O39" />
    <User ID="johne@IOANNIS-DESKTOP" />
    <User ID="Lea@DESKTOP-97LJNBC" />
    <User ID="johne@IOANNIS-WORK-LA" />
    <User ID="aaron@DESKTOP-U5KQSOE" />
    <User ID="rasmu@WINDMILL" />
    <User ID="aaron@AARONS-DELL" />
    <User ID="Edvin Jacobsson@DESKTOP-TEJ6T6B" />
    <User ID="Edvin@LAPTOP-3TMCR8Q8" />
    <User ID="aaron@DESKTOP-Q12T94U" />
    <User ID="micro@STRUTFLOCK" />
    <User ID="aaron@DESKTOP-CPTOA05" />
    <User ID="johne@DETIS-DESKTOP" />
    <User ID="aaron@LAPTOP" />
    <User ID="RomBe@ROM_PC_2026" />
</Users>
